// Jest Snapshot v1, https://goo.gl/fbAQLP

exports[`Viewer should render correctly 1`] = `
<body>
  <div />
</body>
`;
