// Jest Snapshot v1, https://goo.gl/fbAQLP

exports[`Documents should render correctly 1`] = `
<body>
  <div>
    <div
      class="MuiContainer-root MuiContainer-disableGutters css-1y9y4eh-MuiContainer-root"
    >
      <div
        class="MuiBox-root css-m31y3a"
      >
        <h1
          class="MuiTypography-root MuiTypography-h1 css-1ne5dp9-MuiTypography-root"
          tabindex="0"
        >
          Documents
        </h1>
        <p
          class="MuiTypography-root MuiTypography-body2 css-e784if-MuiTypography-root"
          tabindex="0"
        >
          Lorem ipsum dolor sit amet, consectetur adipiscing elit. Etiam eu turpis molestie, dictum est a, mattis tellus. Sed dignissim, metus nec fringilla accumsan, risus sem sollicitudin lacus, ut interdum tellus elit sed risus. Maecenas eget condimentum velit, sit amet feugiat lectus. Class aptent taciti sociosqu ad litora torquent per conubia nostra, per inceptos himenaeos. Praesent auctor purus luctus enim egestas, ac scelerisque ante pulvinar. Donec ut rhoncus ex. Suspendisse ac rhoncus nisl, eu tempor urna. Curabitur vel bibendum lorem. Morbi convallis convallis diam sit amet lacinia. Aliquam in elementum tellus.
        </p>
        <h3
          class="MuiTypography-root MuiTypography-h3 css-12hh03f-MuiTypography-root"
          tabindex="0"
        >
          Documents issued
        </h3>
        <p
          class="MuiTypography-root MuiTypography-body2 css-e784if-MuiTypography-root"
          tabindex="0"
        >
          Lorem ipsum dolor sit amet, consectetur adipiscing elit.
        </p>
      </div>
      <div
        class="MuiBox-root css-0"
        style="height: 600px; width: 100%;"
      >
        <div
          aria-colcount="9"
          aria-multiselectable="false"
          aria-rowcount="1"
          class="MuiDataGrid-root MuiDataGrid-root--densityStandard MuiDataGrid-withBorderColor css-1usso8h-MuiDataGrid-root"
          role="grid"
        >
          <div>
            <div
              class="css-qz6wf1-MuiStack-root"
            >
              <div
                aria-label="Search"
                class="MuiFormControl-root MuiTextField-root css-3be3ve-MuiFormControl-root-MuiTextField-root-MuiDataGrid-toolbarQuickFilter"
              >
                <div
                  class="MuiInputBase-root MuiInput-root MuiInput-underline MuiInputBase-colorPrimary MuiInputBase-formControl MuiInputBase-adornedEnd css-1ptx2yq-MuiInputBase-root-MuiInput-root"
                >
                  <input
                    aria-invalid="false"
                    class="MuiInputBase-input MuiInput-input MuiInputBase-inputTypeSearch MuiInputBase-inputAdornedEnd css-c63i49-MuiInputBase-input-MuiInput-input"
                    id=":r0:"
                    placeholder="Searchâ€¦"
                    type="search"
                    value=""
                  />
                  <div
                    class="MuiInputAdornment-root MuiInputAdornment-positionEnd MuiInputAdornment-standard MuiInputAdornment-sizeMedium css-1laqsz7-MuiInputAdornment-root"
                  />
                </div>
              </div>
              <button
                class="MuiButtonBase-root MuiButton-root MuiButton-contained MuiButton-containedError MuiButton-sizeMedium MuiButton-containedSizeMedium MuiButton-root MuiButton-contained MuiButton-containedError MuiButton-sizeMedium MuiButton-containedSizeMedium css-ndac8y-MuiButtonBase-root-MuiButton-root"
                data-testid="button:Issue"
                style="margin-left: auto;"
                tabindex="0"
                type="button"
              >
                <div
                  class="css-doi3ij-MuiStack-root"
                >
                  <svg
                    aria-hidden="true"
                    class="MuiSvgIcon-root MuiSvgIcon-fontSizeMedium css-i4bv87-MuiSvgIcon-root"
                    data-testid="AddIcon"
                    focusable="false"
                    viewBox="0 0 24 24"
                  >
                    <path
                      d="M19 13h-6v6h-2v-6H5v-2h6V5h2v6h6v2z"
                    />
                  </svg>
                  <p
                    class="MuiTypography-root MuiTypography-body2 css-e784if-MuiTypography-root"
                    data-testid="button:Issue:label"
                    tabindex="0"
                  >
                    Issue
                  </p>
                </div>
                <span
                  class="MuiTouchRipple-root css-8je8zh-MuiTouchRipple-root"
                />
              </button>
            </div>
          </div>
          <div
            class="MuiDataGrid-main css-204u17-MuiDataGrid-main"
          >
            <div
              class="MuiDataGrid-columnHeaders MuiDataGrid-withBorderColor css-1iyq7zh-MuiDataGrid-columnHeaders"
              style="min-height: 56px; max-height: 56px; line-height: 56px;"
            >
              <div
                class="MuiDataGrid-columnHeadersInner MuiDataGrid-columnHeadersInner--scrollable css-gl260s-MuiDataGrid-columnHeadersInner"
                role="rowgroup"
                style="transform: translate3d(0px, 0px, 0px);"
              >
                <div
                  aria-rowindex="1"
                  class="css-yrdy0g-MuiDataGrid-columnHeaderRow"
                  role="row"
                >
                  <div
                    aria-colindex="1"
                    aria-sort="none"
                    class="MuiDataGrid-columnHeader MuiDataGrid-columnHeader--alignCenter MuiDataGrid-withBorderColor MuiDataGrid-columnHeaderCheckbox"
                    data-field="__check__"
                    role="columnheader"
                    style="height: 56px; width: 50px; min-width: 50px; max-width: 50px;"
                    tabindex="0"
                  >
                    <div
                      class="MuiDataGrid-columnHeaderDraggableContainer"
                      draggable="false"
                    >
                      <div
                        class="MuiDataGrid-columnHeaderTitleContainer"
                      >
                        <div
                          class="MuiDataGrid-columnHeaderTitleContainerContent"
                        >
                          <span
                            class="MuiButtonBase-root MuiCheckbox-root MuiCheckbox-colorPrimary PrivateSwitchBase-root MuiCheckbox-root MuiCheckbox-colorPrimary MuiCheckbox-root MuiCheckbox-colorPrimary MuiDataGrid-checkboxInput css-12wnr2w-MuiButtonBase-root-MuiCheckbox-root"
                          >
                            <input
                              aria-label="Select all rows"
                              class="PrivateSwitchBase-input css-1m9pwf3"
                              data-indeterminate="false"
                              tabindex="-1"
                              type="checkbox"
                            />
                            <svg
                              aria-hidden="true"
                              class="MuiSvgIcon-root MuiSvgIcon-fontSizeMedium css-i4bv87-MuiSvgIcon-root"
                              data-testid="CheckBoxOutlineBlankIcon"
                              focusable="false"
                              viewBox="0 0 24 24"
                            >
                              <path
                                d="M19 5v14H5V5h14m0-2H5c-1.1 0-2 .9-2 2v14c0 1.1.9 2 2 2h14c1.1 0 2-.9 2-2V5c0-1.1-.9-2-2-2z"
                              />
                            </svg>
                            <span
                              class="MuiTouchRipple-root css-8je8zh-MuiTouchRipple-root"
                            />
                          </span>
                        </div>
                      </div>
                    </div>
                    <div
                      class="MuiDataGrid-columnSeparator MuiDataGrid-columnSeparator--sideRight"
                      style="min-height: 56px; opacity: 1;"
                    >
                      <svg
                        aria-hidden="true"
                        class="MuiSvgIcon-root MuiSvgIcon-fontSizeMedium MuiDataGrid-iconSeparator css-i4bv87-MuiSvgIcon-root"
                        data-testid="SeparatorIcon"
                        focusable="false"
                        viewBox="0 0 24 24"
                      >
                        <path
                          d="M11 19V5h2v14z"
                        />
                      </svg>
                    </div>
                  </div>
                  <div
                    aria-colindex="2"
                    aria-label="Document ID"
                    aria-sort="none"
                    class="MuiDataGrid-columnHeader MuiDataGrid-withBorderColor"
                    data-field="documentNumber"
                    role="columnheader"
                    style="height: 56px; width: 0px; min-width: 0; max-width: 0;"
                    tabindex="-1"
                  >
                    <div
                      class="MuiDataGrid-columnHeaderDraggableContainer"
                      draggable="false"
                    >
                      <div
                        class="MuiDataGrid-columnHeaderTitleContainer"
                      >
                        <div
                          class="MuiDataGrid-columnHeaderTitleContainerContent"
                        >
                          <div
                            aria-label=""
                            class="MuiDataGrid-columnHeaderTitle css-t89xny-MuiDataGrid-columnHeaderTitle"
                            data-mui-internal-clone-element="true"
                          >
                            Document ID
                          </div>
                        </div>
                      </div>
                    </div>
                    <div
                      class="MuiDataGrid-columnSeparator MuiDataGrid-columnSeparator--sideRight"
                      style="min-height: 56px; opacity: 1;"
                    >
                      <svg
                        aria-hidden="true"
                        class="MuiSvgIcon-root MuiSvgIcon-fontSizeMedium MuiDataGrid-iconSeparator css-i4bv87-MuiSvgIcon-root"
                        data-testid="SeparatorIcon"
                        focusable="false"
                        viewBox="0 0 24 24"
                      >
                        <path
                          d="M11 19V5h2v14z"
                        />
                      </svg>
                    </div>
                  </div>
                  <div
                    aria-colindex="3"
                    aria-label="Business Name"
                    aria-sort="none"
                    class="MuiDataGrid-columnHeader MuiDataGrid-withBorderColor"
                    data-field="importerName"
                    role="columnheader"
                    style="height: 56px; width: 0px; min-width: 0; max-width: 0;"
                    tabindex="-1"
                  >
                    <div
                      class="MuiDataGrid-columnHeaderDraggableContainer"
                      draggable="false"
                    >
                      <div
                        class="MuiDataGrid-columnHeaderTitleContainer"
                      >
                        <div
                          class="MuiDataGrid-columnHeaderTitleContainerContent"
                        >
                          <div
                            aria-label=""
                            class="MuiDataGrid-columnHeaderTitle css-t89xny-MuiDataGrid-columnHeaderTitle"
                            data-mui-internal-clone-element="true"
                          >
                            Business Name
                          </div>
                        </div>
                      </div>
                    </div>
                    <div
                      class="MuiDataGrid-columnSeparator MuiDataGrid-columnSeparator--sideRight"
                      style="min-height: 56px; opacity: 1;"
                    >
                      <svg
                        aria-hidden="true"
                        class="MuiSvgIcon-root MuiSvgIcon-fontSizeMedium MuiDataGrid-iconSeparator css-i4bv87-MuiSvgIcon-root"
                        data-testid="SeparatorIcon"
                        focusable="false"
                        viewBox="0 0 24 24"
                      >
                        <path
                          d="M11 19V5h2v14z"
                        />
                      </svg>
                    </div>
                  </div>
                </div>
              </div>
            </div>
            <div
              style="flex: 1 1 0px; overflow: auto;"
            >
              <div
                class="MuiDataGrid-virtualScroller css-axafay-MuiDataGrid-virtualScroller"
                style="overflow-x: hidden;"
              >
                <div
                  class="MuiDataGrid-overlayWrapper css-ql19fo-MuiDataGrid-overlayWrapper"
                >
                  <div
                    class="MuiDataGrid-overlayWrapperInner css-1akuw9y-MuiDataGrid-overlayWrapperInner"
                    style="height: -56px; width: 0px;"
                  >
                    <div
                      class="MuiDataGrid-overlay css-1w53k9d-MuiDataGrid-overlay"
                    >
                      No rows
                    </div>
                  </div>
                </div>
                <div
                  class="MuiDataGrid-virtualScrollerContent MuiDataGrid-virtualScrollerContent--overflowed css-1kwdphh-MuiDataGrid-virtualScrollerContent"
                  style="width: auto; height: 1px; min-height: auto;"
                >
                  <div
                    class="MuiDataGrid-virtualScrollerRenderZone css-s1v7zr-MuiDataGrid-virtualScrollerRenderZone"
                    style="transform: translate3d(0px, undefinedpx, 0px);"
                  />
                </div>
              </div>
            </div>
            <div
              class="Mui-resizeTriggers"
            >
              <div
                class="expand-trigger"
              >
                <div
                  style="width: 1px; height: 1px;"
                />
              </div>
              <div
                class="contract-trigger"
              />
            </div>
          </div>
          <div
            class="MuiDataGrid-footerContainer MuiDataGrid-withBorderColor css-wop1k0-MuiDataGrid-footerContainer"
          >
            <div />
            <div
              class="MuiTablePagination-root css-1gl81ut-MuiTablePagination-root"
            >
              <div
                class="MuiToolbar-root MuiToolbar-gutters MuiToolbar-regular MuiTablePagination-toolbar css-78c6dr-MuiToolbar-root-MuiTablePagination-toolbar"
              >
                <div
                  class="MuiTablePagination-spacer css-1psng7p-MuiTablePagination-spacer"
                />
                <p
                  class="MuiTablePagination-displayedRows css-levciy-MuiTablePagination-displayedRows"
                >
                  1â€“1 of 1
                </p>
                <div
                  class="MuiTablePagination-actions"
                >
                  <button
                    aria-label="Go to previous page"
                    class="MuiButtonBase-root Mui-disabled MuiIconButton-root Mui-disabled MuiIconButton-colorInherit MuiIconButton-sizeMedium css-zylse7-MuiButtonBase-root-MuiIconButton-root"
                    data-testid="button:cursor-pagination-prev"
                    disabled=""
                    tabindex="-1"
                    title="Go to previous page"
                    type="button"
                  >
                    <svg
                      aria-hidden="true"
                      class="MuiSvgIcon-root MuiSvgIcon-fontSizeMedium css-i4bv87-MuiSvgIcon-root"
                      data-testid="KeyboardArrowLeftIcon"
                      focusable="false"
                      viewBox="0 0 24 24"
                    >
                      <path
                        d="M15.41 16.09l-4.58-4.59 4.58-4.59L14 5.5l-6 6 6 6z"
                      />
                    </svg>
                  </button>
                  <button
                    aria-label="Go to next page"
                    class="MuiButtonBase-root Mui-disabled MuiIconButton-root Mui-disabled MuiIconButton-colorInherit MuiIconButton-sizeMedium css-zylse7-MuiButtonBase-root-MuiIconButton-root"
                    data-testid="button:cursor-pagination-next"
                    disabled=""
                    tabindex="-1"
                    title="Go to next page"
                    type="button"
                  >
                    <svg
                      aria-hidden="true"
                      class="MuiSvgIcon-root MuiSvgIcon-fontSizeMedium css-i4bv87-MuiSvgIcon-root"
                      data-testid="KeyboardArrowRightIcon"
                      focusable="false"
                      viewBox="0 0 24 24"
                    >
                      <path
                        d="M8.59 16.34l4.58-4.59-4.58-4.59L10 5.75l6 6-6 6z"
                      />
                    </svg>
                  </button>
                </div>
              </div>
            </div>
          </div>
        </div>
      </div>
    </div>
  </div>
</body>
`;
