// Jest Snapshot v1, https://goo.gl/fbAQLP

exports[`BaseLayout should render correctly 1`] = `
<body>
  <div>
    <div
      class="MuiContainer-root MuiContainer-disableGutters css-1y9y4eh-MuiContainer-root"
    />
  </div>
</body>
`;
