// Jest Snapshot v1, https://goo.gl/fbAQLP

exports[`BaseApp should render correctly 1`] = `
<body>
  <div>
    <div
      style="height: 100%;"
    />
  </div>
</body>
`;
